C:\ST\STM32CubeIDE_1.16.0\STM32CubeIDE\plugins\com.st.stm32cube.ide.mcu.externaltools.gnu-tools-for-stm32.12.3.rel1.win32_1.0.200.202406191623\tools\arm-none-eabi\include\c++\12.3.1\bits\basic_string.h:3979:3:int std::__cxx11::stoi(const std::string&, std::size_t*, int)	32	static
../Core/Inc/GpsManager.cpp:13:1:Osprai::GpsManager::GpsManager()	16	static
../Core/Inc/GpsManager.cpp:21:19:HAL_StatusTypeDef Osprai::GpsManager::InitGps(UART_HandleTypeDef*, uint8_t, uint8_t)	24	static
../Core/Inc/GpsManager.cpp:29:8:double Osprai::GpsManager::ParseMagneticVar(std::string*)	88	static
../Core/Inc/GpsManager.cpp:39:8:double Osprai::GpsManager::ParseSpeedAngle(std::string*)	80	static
../Core/Inc/GpsManager.cpp:46:8:double Osprai::GpsManager::ParseLatLong(std::string*)	160	static
../Core/Inc/GpsManager.cpp:63:19:HAL_StatusTypeDef Osprai::GpsManager::ParseFrame()	200	static
../Core/Inc/GpsManager.cpp:156:6:void Osprai::GpsManager::UpdateLocation()	24	static
../Core/Inc/GpsManager.cpp:195:21:UART_HandleTypeDef* Osprai::GpsManager::GetBus()	16	static
../Core/Inc/GpsManager.cpp:199:8:double Osprai::GpsManager::GetLatitude()	16	static
../Core/Inc/GpsManager.cpp:203:8:double Osprai::GpsManager::GetLongitude()	16	static
../Core/Inc/GpsManager.cpp:207:1:Osprai::GpsManager::~GpsManager()	16	static
../Core/Inc/GpsManager.cpp:207:1:virtual Osprai::GpsManager::~GpsManager()	16	static
C:\ST\STM32CubeIDE_1.16.0\STM32CubeIDE\plugins\com.st.stm32cube.ide.mcu.externaltools.gnu-tools-for-stm32.12.3.rel1.win32_1.0.200.202406191623\tools\arm-none-eabi\include\c++\12.3.1\ext\string_conversions.h:63:2:)::_Save_errno::_Save_errno() [with _TRet = long int; _Ret = int; _CharT = char; _Base = {int}]	16	static
C:\ST\STM32CubeIDE_1.16.0\STM32CubeIDE\plugins\com.st.stm32cube.ide.mcu.externaltools.gnu-tools-for-stm32.12.3.rel1.win32_1.0.200.202406191623\tools\arm-none-eabi\include\c++\12.3.1\ext\string_conversions.h:64:2:)::_Save_errno::~_Save_errno() [with _TRet = long int; _Ret = int; _CharT = char; _Base = {int}]	16	static
C:\ST\STM32CubeIDE_1.16.0\STM32CubeIDE\plugins\com.st.stm32cube.ide.mcu.externaltools.gnu-tools-for-stm32.12.3.rel1.win32_1.0.200.202406191623\tools\arm-none-eabi\include\c++\12.3.1\ext\string_conversions.h:73:4:)::_Range_chk::_S_chk(_TRet, std::true_type) [with _TRet = long int; _Ret = int; _CharT = char; _Base = {int}]	16	static
C:\ST\STM32CubeIDE_1.16.0\STM32CubeIDE\plugins\com.st.stm32cube.ide.mcu.externaltools.gnu-tools-for-stm32.12.3.rel1.win32_1.0.200.202406191623\tools\arm-none-eabi\include\c++\12.3.1\ext\string_conversions.h:54:5:) [with _TRet = long int; _Ret = int; _CharT = char; _Base = {int}]	56	static
