../Core/Src/main.cpp:71:5:int main()	8	static
../Core/Src/main.cpp:119:6:void SystemClock_Config()	96	static
../Core/Src/main.cpp:169:13:void MX_TIM2_Init()	40	static
../Core/Src/main.cpp:218:13:void MX_UART4_Init()	8	static
../Core/Src/main.cpp:253:13:void MX_USART1_UART_Init()	8	static
../Core/Src/main.cpp:288:13:void MX_GPIO_Init()	48	static
../Core/Src/main.cpp:360:6:void HAL_UART_TxCpltCallback(UART_HandleTypeDef*)	16	static
../Core/Src/main.cpp:364:6:void HAL_UART_RxCpltCallback(UART_HandleTypeDef*)	16	static
../Core/Src/main.cpp:374:6:void Error_Handler()	4	static,ignoring_inline_asm
../Core/Src/main.cpp:383:1:void __static_initialization_and_destruction_0(int, int)	16	static
../Core/Src/main.cpp:383:1:cpp)	8	static
../Core/Src/main.cpp:383:1:cpp)	8	static
